This file contains any messages produced by compilers while
running configure, to aid debugging if configure makes a mistake.

It was created by GLU configure 1.1, which was
generated by GNU Autoconf 2.71.  Invocation command line was

  $ ./configure --prefix=/home/jinchen/git/anl/IPG4Lattice/GLU/local 'CFLAGS=-O2 -fopenmp' --with-fftw= --no-create --no-recursion

## --------- ##
## Platform. ##
## --------- ##

hostname = Moonway
uname -m = x86_64
uname -r = 6.8.0-117-generic
uname -s = Linux
uname -v = #117-Ubuntu SMP PREEMPT_DYNAMIC Tue May  5 19:26:24 UTC 2026

/usr/bin/uname -p = x86_64
/bin/uname -X     = unknown

/bin/arch              = x86_64
/usr/bin/arch -k       = unknown
/usr/convex/getsysinfo = unknown
/usr/bin/hostinfo      = unknown
/bin/machine           = unknown
/usr/bin/oslevel       = unknown
/bin/universe          = unknown

PATH: /home/jinchen/local/glu/bin/
PATH: /usr/local/cuda-12.2/bin/
PATH: /usr/local/openmpi/bin/
PATH: /home/jinchen/.cursor-server/bin/linux-x64/aac81804b986d739acab348ed96b8bea6e83cc50/
PATH: /home/jinchen/.cursor-server/bin/linux-x64/aac81804b986d739acab348ed96b8bea6e83cc50/bin/remote-cli/
PATH: /home/jinchen/local/glu/bin/
PATH: /home/jinchen/.nvm/versions/node/v20.20.2/bin/
PATH: /usr/local/cuda-12.2/bin/
PATH: /usr/local/openmpi/bin/
PATH: /home/jinchen/miniconda3/bin/
PATH: /home/jinchen/miniconda3/condabin/
PATH: /home/jinchen/.cursor-server/bin/linux-x64/aac81804b986d739acab348ed96b8bea6e83cc50/bin/remote-cli/
PATH: /usr/local/sbin/
PATH: /usr/local/bin/
PATH: /usr/sbin/
PATH: /usr/bin/
PATH: /sbin/
PATH: /bin/
PATH: /usr/games/
PATH: /usr/local/games/
PATH: /snap/bin/
PATH: /home/jinchen/software/Wolfram/Executables/
PATH: /home/jinchen/software/Wolfram/Executables/


## ----------- ##
## Core tests. ##
## ----------- ##

configure:2316: looking for aux files: ar-lib compile missing install-sh
configure:2329:  trying ./
configure:2358:   ./ar-lib found
configure:2358:   ./compile found
configure:2358:   ./missing found
configure:2340:   ./install-sh found
configure:2487: checking for a BSD-compatible install
configure:2560: result: /usr/bin/install -c
configure:2571: checking whether build environment is sane
configure:2626: result: yes
configure:2785: checking for a race-free mkdir -p
configure:2829: result: /usr/bin/mkdir -p
configure:2836: checking for gawk
configure:2871: result: no
configure:2836: checking for mawk
configure:2857: found /usr/bin/mawk
configure:2868: result: mawk
configure:2879: checking whether make sets $(MAKE)
configure:2902: result: yes
configure:2932: checking whether make supports nested variables
configure:2950: result: yes
configure:3148: checking for gcc
configure:3169: found /usr/bin/gcc
configure:3180: result: gcc
configure:3533: checking for C compiler version
configure:3542: gcc --version >&5
gcc (Ubuntu 13.3.0-6ubuntu2~24.04.1) 13.3.0
Copyright (C) 2023 Free Software Foundation, Inc.
This is free software; see the source for copying conditions.  There is NO
warranty; not even for MERCHANTABILITY or FITNESS FOR A PARTICULAR PURPOSE.

configure:3553: $? = 0
configure:3542: gcc -v >&5
Using built-in specs.
COLLECT_GCC=gcc
COLLECT_LTO_WRAPPER=/usr/libexec/gcc/x86_64-linux-gnu/13/lto-wrapper
OFFLOAD_TARGET_NAMES=nvptx-none:amdgcn-amdhsa
OFFLOAD_TARGET_DEFAULT=1
Target: x86_64-linux-gnu
Configured with: ../src/configure -v --with-pkgversion='Ubuntu 13.3.0-6ubuntu2~24.04.1' --with-bugurl=file:///usr/share/doc/gcc-13/README.Bugs --enable-languages=c,ada,c++,go,d,fortran,objc,obj-c++,m2 --prefix=/usr --with-gcc-major-version-only --program-suffix=-13 --program-prefix=x86_64-linux-gnu- --enable-shared --enable-linker-build-id --libexecdir=/usr/libexec --without-included-gettext --enable-threads=posix --libdir=/usr/lib --enable-nls --enable-bootstrap --enable-clocale=gnu --enable-libstdcxx-debug --enable-libstdcxx-time=yes --with-default-libstdcxx-abi=new --enable-libstdcxx-backtrace --enable-gnu-unique-object --disable-vtable-verify --enable-plugin --enable-default-pie --with-system-zlib --enable-libphobos-checking=release --with-target-system-zlib=auto --enable-objc-gc=auto --enable-multiarch --disable-werror --enable-cet --with-arch-32=i686 --with-abi=m64 --with-multilib-list=m32,m64,mx32 --enable-multilib --with-tune=generic --enable-offload-targets=nvptx-none=/build/gcc-13-EldibY/gcc-13-13.3.0/debian/tmp-nvptx/usr,amdgcn-amdhsa=/build/gcc-13-EldibY/gcc-13-13.3.0/debian/tmp-gcn/usr --enable-offload-defaulted --without-cuda-driver --enable-checking=release --build=x86_64-linux-gnu --host=x86_64-linux-gnu --target=x86_64-linux-gnu --with-build-config=bootstrap-lto-lean --enable-link-serialization=2
Thread model: posix
Supported LTO compression algorithms: zlib zstd
gcc version 13.3.0 (Ubuntu 13.3.0-6ubuntu2~24.04.1) 
... rest of stderr output deleted ...
configure:3553: $? = 0
configure:3542: gcc -V >&5
gcc: error: unrecognized command-line option '-V'
gcc: fatal error: no input files
compilation terminated.
configure:3553: $? = 1
configure:3542: gcc -qversion >&5
gcc: error: unrecognized command-line option '-qversion'; did you mean '--version'?
gcc: fatal error: no input files
compilation terminated.
configure:3553: $? = 1
configure:3542: gcc -version >&5
gcc: error: unrecognized command-line option '-version'
gcc: fatal error: no input files
compilation terminated.
configure:3553: $? = 1
configure:3573: checking whether the C compiler works
configure:3595: gcc -O2 -fopenmp   conftest.c  >&5
configure:3599: $? = 0
configure:3649: result: yes
configure:3652: checking for C compiler default output file name
configure:3654: result: a.out
configure:3660: checking for suffix of executables
configure:3667: gcc -o conftest -O2 -fopenmp   conftest.c  >&5
configure:3671: $? = 0
configure:3694: result: 
configure:3716: checking whether we are cross compiling
configure:3724: gcc -o conftest -O2 -fopenmp   conftest.c  >&5
configure:3728: $? = 0
configure:3735: ./conftest
configure:3739: $? = 0
configure:3754: result: no
configure:3759: checking for suffix of object files
configure:3782: gcc -c -O2 -fopenmp  conftest.c >&5
configure:3786: $? = 0
configure:3808: result: o
configure:3812: checking whether the compiler supports GNU C
configure:3832: gcc -c -O2 -fopenmp  conftest.c >&5
configure:3832: $? = 0
configure:3842: result: yes
configure:3853: checking whether gcc accepts -g
configure:3874: gcc -c -g  conftest.c >&5
configure:3874: $? = 0
configure:3918: result: yes
configure:3938: checking for gcc option to enable C11 features
configure:3953: gcc  -c -O2 -fopenmp  conftest.c >&5
configure:3953: $? = 0
configure:3971: result: none needed
configure:4087: checking whether gcc understands -c and -o together
configure:4110: gcc -c conftest.c -o conftest2.o
configure:4113: $? = 0
configure:4110: gcc -c conftest.c -o conftest2.o
configure:4113: $? = 0
configure:4125: result: yes
configure:4145: checking whether make supports the include directive
configure:4160: make -f confmf.GNU && cat confinc.out
make[1]: Entering directory '/home/jinchen/git/anl/IPG4Lattice/GLU'
make[1]: Leaving directory '/home/jinchen/git/anl/IPG4Lattice/GLU'
this is the am__doit target
configure:4163: $? = 0
configure:4182: result: yes (GNU style)
configure:4208: checking dependency style of gcc
configure:4320: result: gcc3
configure:4390: checking for ranlib
configure:4411: found /usr/bin/ranlib
configure:4422: result: ranlib
configure:4500: checking for ar
configure:4521: found /usr/bin/ar
configure:4532: result: ar
configure:4558: checking the archiver (ar) interface
configure:4575: gcc -c -O2 -fopenmp  conftest.c >&5
configure:4575: $? = 0
configure:4578: ar cru libconftest.a conftest.o >&5
ar: `u' modifier ignored since `D' is the default (see `U')
configure:4581: $? = 0
configure:4609: result: ar
configure:4633: checking for stdio.h
configure:4633: gcc -c -O2 -fopenmp  conftest.c >&5
configure:4633: $? = 0
configure:4633: result: yes
configure:4633: checking for stdlib.h
configure:4633: gcc -c -O2 -fopenmp  conftest.c >&5
configure:4633: $? = 0
configure:4633: result: yes
configure:4633: checking for string.h
configure:4633: gcc -c -O2 -fopenmp  conftest.c >&5
configure:4633: $? = 0
configure:4633: result: yes
configure:4633: checking for inttypes.h
configure:4633: gcc -c -O2 -fopenmp  conftest.c >&5
configure:4633: $? = 0
configure:4633: result: yes
configure:4633: checking for stdint.h
configure:4633: gcc -c -O2 -fopenmp  conftest.c >&5
configure:4633: $? = 0
configure:4633: result: yes
configure:4633: checking for strings.h
configure:4633: gcc -c -O2 -fopenmp  conftest.c >&5
configure:4633: $? = 0
configure:4633: result: yes
configure:4633: checking for sys/stat.h
configure:4633: gcc -c -O2 -fopenmp  conftest.c >&5
configure:4633: $? = 0
configure:4633: result: yes
configure:4633: checking for sys/types.h
configure:4633: gcc -c -O2 -fopenmp  conftest.c >&5
configure:4633: $? = 0
configure:4633: result: yes
configure:4633: checking for unistd.h
configure:4633: gcc -c -O2 -fopenmp  conftest.c >&5
configure:4633: $? = 0
configure:4633: result: yes
configure:4658: checking whether byte ordering is bigendian
configure:4674: gcc -c -O2 -fopenmp  conftest.c >&5
conftest.c:22:16: error: unknown type name 'not'
   22 |                not a universal capable compiler
      |                ^~~
conftest.c:22:22: error: expected '=', ',', ';', 'asm' or '__attribute__' before 'universal'
   22 |                not a universal capable compiler
      |                      ^~~~~~~~~
conftest.c:22:22: error: unknown type name 'universal'
configure:4674: $? = 1
configure: failed program was:
| /* confdefs.h */
| #define PACKAGE_NAME "GLU"
| #define PACKAGE_TARNAME "glu"
| #define PACKAGE_VERSION "1.1"
| #define PACKAGE_STRING "GLU 1.1"
| #define PACKAGE_BUGREPORT "renwick.james.hudspith@gmail.com"
| #define PACKAGE_URL ""
| #define PACKAGE "glu"
| #define VERSION "1.1"
| #define HAVE_STDIO_H 1
| #define HAVE_STDLIB_H 1
| #define HAVE_STRING_H 1
| #define HAVE_INTTYPES_H 1
| #define HAVE_STDINT_H 1
| #define HAVE_STRINGS_H 1
| #define HAVE_SYS_STAT_H 1
| #define HAVE_SYS_TYPES_H 1
| #define HAVE_UNISTD_H 1
| #define STDC_HEADERS 1
| /* end confdefs.h.  */
| #ifndef __APPLE_CC__
| 	       not a universal capable compiler
| 	     #endif
| 	     typedef int dummy;
| 
configure:4720: gcc -c -O2 -fopenmp  conftest.c >&5
configure:4720: $? = 0
configure:4739: gcc -c -O2 -fopenmp  conftest.c >&5
conftest.c: In function 'main':
conftest.c:28:18: error: unknown type name 'not'; did you mean 'ino_t'?
   28 |                  not big endian
      |                  ^~~
      |                  ino_t
conftest.c:28:26: error: expected '=', ',', ';', 'asm' or '__attribute__' before 'endian'
   28 |                  not big endian
      |                          ^~~~~~
configure:4739: $? = 1
configure: failed program was:
| /* confdefs.h */
| #define PACKAGE_NAME "GLU"
| #define PACKAGE_TARNAME "glu"
| #define PACKAGE_VERSION "1.1"
| #define PACKAGE_STRING "GLU 1.1"
| #define PACKAGE_BUGREPORT "renwick.james.hudspith@gmail.com"
| #define PACKAGE_URL ""
| #define PACKAGE "glu"
| #define VERSION "1.1"
| #define HAVE_STDIO_H 1
| #define HAVE_STDLIB_H 1
| #define HAVE_STRING_H 1
| #define HAVE_INTTYPES_H 1
| #define HAVE_STDINT_H 1
| #define HAVE_STRINGS_H 1
| #define HAVE_SYS_STAT_H 1
| #define HAVE_SYS_TYPES_H 1
| #define HAVE_UNISTD_H 1
| #define STDC_HEADERS 1
| /* end confdefs.h.  */
| #include <sys/types.h>
| 		#include <sys/param.h>
| 
| int
| main (void)
| {
| #if BYTE_ORDER != BIG_ENDIAN
| 		 not big endian
| 		#endif
| 
|   ;
|   return 0;
| }
configure:4873: result: no
configure:4901: Configuring for location "/home/jinchen/git/anl/IPG4Lattice/GLU/local"
configure:4943: Creating binary "GLU" in /home/jinchen/git/anl/IPG4Lattice/GLU/local/bin
configure:4948: checking for doxygen
configure:4981: result: NONE
configure:5000: checking for dot
configure:5033: result: NONE
configure:5052: checking for pdflatex
configure:5073: found /usr/bin/pdflatex
configure:5085: result: yes
configure:5123: User unspecified NC, default to SU(3)
configure:5143: User unspecified ND, default to 4
configure:5152: checking for math.h
configure:5152: gcc -c -O2 -fopenmp  conftest.c >&5
configure:5152: $? = 0
configure:5152: result: yes
configure:5164: checking for stdint.h
configure:5164: result: yes
configure:5175: checking for unistd.h
configure:5175: result: yes
configure:5179: We are attempting to be memory-safe in our operation.
configure:5188: checking for sys/time.h
configure:5188: gcc -c -O2 -fopenmp  conftest.c >&5
configure:5188: $? = 0
configure:5188: result: yes
configure:5192: We are intrinsically timing our operations.
configure:5201: checking for time.h
configure:5201: gcc -c -O2 -fopenmp  conftest.c >&5
configure:5201: $? = 0
configure:5201: result: yes
configure:5205: We are providing an accurate date.
configure:5215: checking for complex.h
configure:5215: gcc -c -O2 -fopenmp  conftest.c >&5
configure:5215: $? = 0
configure:5215: result: yes
configure:5215: checking for strings.h
configure:5215: result: yes
configure:5215: checking for stdio.h
configure:5215: result: yes
configure:5215: checking for stdlib.h
configure:5215: result: yes
configure:5215: checking for limits.h
configure:5215: gcc -c -O2 -fopenmp  conftest.c >&5
configure:5215: $? = 0
configure:5215: result: yes
configure:5232: checking for immintrin.h
configure:5232: gcc -c -O2 -fopenmp  conftest.c >&5
configure:5232: $? = 0
configure:5232: result: yes
configure:5236: Vector intrinsics being used
configure:5276: checking for omp.h
configure:5276: gcc -c -O2 -fopenmp  conftest.c >&5
configure:5276: $? = 0
configure:5276: result: yes
configure:5297: checking for fftw3.h
configure:5297: gcc -c -O2 -fopenmp  conftest.c >&5
configure:5297: $? = 0
configure:5297: result: yes
configure:5320: checking for include/fftw3.h
configure:5320: gcc -c -O2 -fopenmp  conftest.c >&5
conftest.c:63:10: fatal error: include/fftw3.h: No such file or directory
   63 | #include <include/fftw3.h>
      |          ^~~~~~~~~~~~~~~~~
compilation terminated.
configure:5320: $? = 1
configure: failed program was:
| /* confdefs.h */
| #define PACKAGE_NAME "GLU"
| #define PACKAGE_TARNAME "glu"
| #define PACKAGE_VERSION "1.1"
| #define PACKAGE_STRING "GLU 1.1"
| #define PACKAGE_BUGREPORT "renwick.james.hudspith@gmail.com"
| #define PACKAGE_URL ""
| #define PACKAGE "glu"
| #define VERSION "1.1"
| #define HAVE_STDIO_H 1
| #define HAVE_STDLIB_H 1
| #define HAVE_STRING_H 1
| #define HAVE_INTTYPES_H 1
| #define HAVE_STDINT_H 1
| #define HAVE_STRINGS_H 1
| #define HAVE_SYS_STAT_H 1
| #define HAVE_SYS_TYPES_H 1
| #define HAVE_UNISTD_H 1
| #define STDC_HEADERS 1
| #define HAVE_PREFIX "/home/jinchen/git/anl/IPG4Lattice/GLU/local"
| #define HAVE_MATH_H 1
| #define HAVE_STDINT_H 1
| #define HAVE_UNISTD_H 1
| #define HAVE_SYS_TIME_H 1
| #define HAVE_TIME_H 1
| #define HAVE_COMPLEX_H 1
| #define HAVE_STRINGS_H 1
| #define HAVE_STDIO_H 1
| #define HAVE_STDLIB_H 1
| #define HAVE_LIMITS_H 1
| #define HAVE_IMMINTRIN_H 1
| #define HAVE_OMP_H 1
| #define HAVE_FFTW3_H 1
| /* end confdefs.h.  */
| #include <stddef.h>
| #ifdef HAVE_STDIO_H
| # include <stdio.h>
| #endif
| #ifdef HAVE_STDLIB_H
| # include <stdlib.h>
| #endif
| #ifdef HAVE_STRING_H
| # include <string.h>
| #endif
| #ifdef HAVE_INTTYPES_H
| # include <inttypes.h>
| #endif
| #ifdef HAVE_STDINT_H
| # include <stdint.h>
| #endif
| #ifdef HAVE_STRINGS_H
| # include <strings.h>
| #endif
| #ifdef HAVE_SYS_TYPES_H
| # include <sys/types.h>
| #endif
| #ifdef HAVE_SYS_STAT_H
| # include <sys/stat.h>
| #endif
| #ifdef HAVE_UNISTD_H
| # include <unistd.h>
| #endif
| #include <include/fftw3.h>
configure:5320: result: no
configure:5377: checking for fftw3.h
configure:5377: result: yes
configure:5392: Using the system's fftw
configure:5471: This is a GSL-free build.
configure:5528: This is a Lapacke-free build.
configure:5611: Default nonexceptional projector (1).
configure:5851: Defaulting to the MWC_4096_RNG
configure:6044: User unspecified NSTOCH, default to updating all subgroups
configure:6052: checking for an ANSI C-conforming const
configure:6119: gcc -c -O2 -fopenmp  conftest.c >&5
conftest.c:35: warning: "HAVE_FFTW3_H" redefined
   35 | #define HAVE_FFTW3_H /**/
      | 
conftest.c:34: note: this is the location of the previous definition
   34 | #define HAVE_FFTW3_H 1
      | 
configure:6119: $? = 0
configure:6127: result: yes
configure:6137: checking for C/C++ restrict keyword
configure:6167: gcc -c -O2 -fopenmp  conftest.c >&5
conftest.c:35: warning: "HAVE_FFTW3_H" redefined
   35 | #define HAVE_FFTW3_H /**/
      | 
conftest.c:34: note: this is the location of the previous definition
   34 | #define HAVE_FFTW3_H 1
      | 
configure:6167: $? = 0
configure:6176: result: __restrict__
configure:6190: checking for inline
configure:6207: gcc -c -O2 -fopenmp  conftest.c >&5
conftest.c:35: warning: "HAVE_FFTW3_H" redefined
   35 | #define HAVE_FFTW3_H /**/
      | 
conftest.c:34: note: this is the location of the previous definition
   34 | #define HAVE_FFTW3_H 1
      | 
configure:6207: $? = 0
configure:6216: result: inline
configure:6359: checking that generated files are newer than configure
configure:6365: result: done
configure:6429: creating ./config.status

## ---------------- ##
## Cache variables. ##
## ---------------- ##

ac_cv_c_bigendian=no
ac_cv_c_compiler_gnu=yes
ac_cv_c_const=yes
ac_cv_c_inline=inline
ac_cv_c_restrict=__restrict__
ac_cv_env_CC_set=
ac_cv_env_CC_value=
ac_cv_env_CFLAGS_set=set
ac_cv_env_CFLAGS_value='-O2 -fopenmp'
ac_cv_env_CPPFLAGS_set=
ac_cv_env_CPPFLAGS_value=
ac_cv_env_LDFLAGS_set=
ac_cv_env_LDFLAGS_value=
ac_cv_env_LIBS_set=
ac_cv_env_LIBS_value=
ac_cv_env_build_alias_set=
ac_cv_env_build_alias_value=
ac_cv_env_host_alias_set=
ac_cv_env_host_alias_value=
ac_cv_env_target_alias_set=
ac_cv_env_target_alias_value=
ac_cv_header_complex_h=yes
ac_cv_header_fftw3_h=yes
ac_cv_header_immintrin_h=yes
ac_cv_header_include_fftw3_h=no
ac_cv_header_inttypes_h=yes
ac_cv_header_limits_h=yes
ac_cv_header_math_h=yes
ac_cv_header_omp_h=yes
ac_cv_header_stdint_h=yes
ac_cv_header_stdio_h=yes
ac_cv_header_stdlib_h=yes
ac_cv_header_string_h=yes
ac_cv_header_strings_h=yes
ac_cv_header_sys_stat_h=yes
ac_cv_header_sys_time_h=yes
ac_cv_header_sys_types_h=yes
ac_cv_header_time_h=yes
ac_cv_header_unistd_h=yes
ac_cv_objext=o
ac_cv_path_install='/usr/bin/install -c'
ac_cv_path_mkdir=/usr/bin/mkdir
ac_cv_prog_AWK=mawk
ac_cv_prog_DOXYGEN=NONE
ac_cv_prog_GRAPHVIZ=NONE
ac_cv_prog_PDFLATEX=yes
ac_cv_prog_ac_ct_AR=ar
ac_cv_prog_ac_ct_CC=gcc
ac_cv_prog_ac_ct_RANLIB=ranlib
ac_cv_prog_cc_c11=
ac_cv_prog_cc_g=yes
ac_cv_prog_cc_stdc=
ac_cv_prog_make_make_set=yes
am_cv_CC_dependencies_compiler_type=gcc3
am_cv_ar_interface=ar
am_cv_make_support_nested_variables=yes
am_cv_prog_cc_c_o=yes

## ----------------- ##
## Output variables. ##
## ----------------- ##

ACLOCAL='${SHELL} '\''/home/jinchen/git/anl/IPG4Lattice/GLU/missing'\'' aclocal-1.16'
AMDEPBACKSLASH='\'
AMDEP_FALSE='#'
AMDEP_TRUE=''
AMTAR='$${TAR-tar}'
AM_BACKSLASH='\'
AM_DEFAULT_V='$(AM_DEFAULT_VERBOSITY)'
AM_DEFAULT_VERBOSITY='1'
AM_V='$(V)'
AR='ar'
AUTOCONF='${SHELL} '\''/home/jinchen/git/anl/IPG4Lattice/GLU/missing'\'' autoconf'
AUTOHEADER='${SHELL} '\''/home/jinchen/git/anl/IPG4Lattice/GLU/missing'\'' autoheader'
AUTOMAKE='${SHELL} '\''/home/jinchen/git/anl/IPG4Lattice/GLU/missing'\'' automake-1.16'
AWK='mawk'
CC='gcc'
CCDEPMODE='depmode=gcc3'
CFLAGS='-O2 -fopenmp'
CPPFLAGS=''
CSCOPE='cscope'
CTAGS='ctags'
CYGPATH_W='echo'
DEFFFTW_FALSE=''
DEFFFTW_TRUE='#'
DEFGSL_FALSE=''
DEFGSL_TRUE='#'
DEFLAPACKE_FALSE=''
DEFLAPACKE_TRUE='#'
DEFS='-DHAVE_CONFIG_H'
DEPDIR='.deps'
DOT_FALSE='#'
DOT_TRUE=''
DOXYGEN='NONE'
DOX_FALSE='#'
DOX_TRUE=''
ECHO_C=''
ECHO_N='-n'
ECHO_T=''
ETAGS='etags'
EXEEXT=''
FFTW=''
GRAPHVIZ='NONE'
GSL=''
INSTALL_DATA='${INSTALL} -m 644'
INSTALL_PROGRAM='${INSTALL}'
INSTALL_SCRIPT='${INSTALL}'
INSTALL_STRIP_PROGRAM='$(install_sh) -c -s'
LAPACKE=''
LDFLAGS=' -lfftw3 -lm'
LIBOBJS=''
LIBS=''
LTLIBOBJS=''
MAKEINFO='${SHELL} '\''/home/jinchen/git/anl/IPG4Lattice/GLU/missing'\'' makeinfo'
MKDIR_P='/usr/bin/mkdir -p'
OBJEXT='o'
PACKAGE='glu'
PACKAGE_BUGREPORT='renwick.james.hudspith@gmail.com'
PACKAGE_NAME='GLU'
PACKAGE_STRING='GLU 1.1'
PACKAGE_TARNAME='glu'
PACKAGE_URL=''
PACKAGE_VERSION='1.1'
PATH_SEPARATOR=':'
PDFLATEX='yes'
PDFLTX_FALSE=''
PDFLTX_TRUE='#'
PREF=''
PREF_FALSE=''
PREF_TRUE='#'
RANLIB='ranlib'
SET_MAKE=''
SHELL='/bin/bash'
STRIP=''
VERSION='1.1'
ac_ct_AR='ar'
ac_ct_CC='gcc'
am__EXEEXT_FALSE=''
am__EXEEXT_TRUE='#'
am__fastdepCC_FALSE='#'
am__fastdepCC_TRUE=''
am__include='include'
am__isrc=''
am__leading_dot='.'
am__nodep='_no'
am__quote=''
am__tar='$${TAR-tar} chof - "$$tardir"'
am__untar='$${TAR-tar} xf -'
bindir='${exec_prefix}/bin'
build_alias=''
datadir='${datarootdir}'
datarootdir='${prefix}/share'
docdir='${datarootdir}/doc/${PACKAGE_TARNAME}'
dvidir='${docdir}'
exec_prefix='${prefix}'
host_alias=''
htmldir='${docdir}'
includedir='${prefix}/include'
infodir='${datarootdir}/info'
install_sh='${SHELL} /home/jinchen/git/anl/IPG4Lattice/GLU/install-sh'
libdir='${exec_prefix}/lib'
libexecdir='${exec_prefix}/libexec'
localedir='${datarootdir}/locale'
localstatedir='${prefix}/var'
mandir='${datarootdir}/man'
mkdir_p='$(MKDIR_P)'
oldincludedir='/usr/include'
pdfdir='${docdir}'
prefix='/home/jinchen/git/anl/IPG4Lattice/GLU/local'
program_transform_name='s,x,x,'
psdir='${docdir}'
runstatedir='${localstatedir}/run'
sbindir='${exec_prefix}/sbin'
sharedstatedir='${prefix}/com'
sysconfdir='${prefix}/etc'
target_alias=''

## ----------- ##
## confdefs.h. ##
## ----------- ##

/* confdefs.h */
#define PACKAGE_NAME "GLU"
#define PACKAGE_TARNAME "glu"
#define PACKAGE_VERSION "1.1"
#define PACKAGE_STRING "GLU 1.1"
#define PACKAGE_BUGREPORT "renwick.james.hudspith@gmail.com"
#define PACKAGE_URL ""
#define PACKAGE "glu"
#define VERSION "1.1"
#define HAVE_STDIO_H 1
#define HAVE_STDLIB_H 1
#define HAVE_STRING_H 1
#define HAVE_INTTYPES_H 1
#define HAVE_STDINT_H 1
#define HAVE_STRINGS_H 1
#define HAVE_SYS_STAT_H 1
#define HAVE_SYS_TYPES_H 1
#define HAVE_UNISTD_H 1
#define STDC_HEADERS 1
#define HAVE_PREFIX "/home/jinchen/git/anl/IPG4Lattice/GLU/local"
#define HAVE_MATH_H 1
#define HAVE_STDINT_H 1
#define HAVE_UNISTD_H 1
#define HAVE_SYS_TIME_H 1
#define HAVE_TIME_H 1
#define HAVE_COMPLEX_H 1
#define HAVE_STRINGS_H 1
#define HAVE_STDIO_H 1
#define HAVE_STDLIB_H 1
#define HAVE_LIMITS_H 1
#define HAVE_IMMINTRIN_H 1
#define HAVE_OMP_H 1
#define HAVE_FFTW3_H 1
#define HAVE_FFTW3_H 1
#define HAVE_FFTW3_H /**/
#define PROJ_GRACEY 0
#define restrict __restrict__

configure: exit 0

## ---------------------- ##
## Running config.status. ##
## ---------------------- ##

This file was extended by GLU config.status 1.1, which was
generated by GNU Autoconf 2.71.  Invocation command line was

  CONFIG_FILES    = 
  CONFIG_HEADERS  = 
  CONFIG_LINKS    = 
  CONFIG_COMMANDS = 
  $ ./config.status 

on Moonway

config.status:890: creating Makefile
config.status:890: creating src/Makefile
config.status:890: creating tests/Makefile
config.status:890: creating config.h
config.status:1071: config.h is unchanged
config.status:1119: executing depfiles commands
config.status:1196: cd src       && sed -e '/# am--include-marker/d' Makefile         | make -f - am--depfiles
make[1]: Entering directory '/home/jinchen/git/anl/IPG4Lattice/GLU/src'
make[1]: Nothing to be done for 'am--depfiles'.
make[1]: Leaving directory '/home/jinchen/git/anl/IPG4Lattice/GLU/src'
config.status:1201: $? = 0
config.status:1196: cd tests       && sed -e '/# am--include-marker/d' Makefile         | make -f - am--depfiles
make[1]: Entering directory '/home/jinchen/git/anl/IPG4Lattice/GLU/tests'
make[1]: Nothing to be done for 'am--depfiles'.
make[1]: Leaving directory '/home/jinchen/git/anl/IPG4Lattice/GLU/tests'
config.status:1201: $? = 0

## ---------------------- ##
## Running config.status. ##
## ---------------------- ##

This file was extended by GLU config.status 1.1, which was
generated by GNU Autoconf 2.71.  Invocation command line was

  CONFIG_FILES    = 
  CONFIG_HEADERS  = 
  CONFIG_LINKS    = 
  CONFIG_COMMANDS = 
  $ ./config.status config.h

on Moonway

config.status:890: creating config.h
config.status:1071: config.h is unchanged
